2026-10-01T19:52:36.787261149Z stderr F W1001 19:52:36.787002       1 registry.go:256] calling componentGlobalsRegistry.AddFlags more than once, the registry will be set by the latest flags
2026-10-01T19:52:36.787506511Z stderr F I1001 19:52:36.787362       1 options.go:238] external host was not specified, using 172.23.0.2
2026-10-01T19:52:36.791507992Z stderr F I1001 19:52:36.791247       1 server.go:143] Version: v1.32.2
2026-10-01T19:52:36.791528033Z stderr F I1001 19:52:36.791320       1 server.go:145] "Golang settings" GOGC="" GOMAXPROCS="" GOTRACEBACK=""
2026-10-01T19:52:37.464622096Z stderr F I1001 19:52:37.464441       1 shared_informer.go:313] Waiting for caches to sync for node_authorizer
2026-10-01T19:52:37.555493018Z stderr F I1001 19:52:37.555252       1 shared_informer.go:313] Waiting for caches to sync for *generic.policySource[*k8s.io/api/admissionregistration/v1.ValidatingAdmissionPolicy,*k8s.io/api/admissionregistration/v1.ValidatingAdmissionPolicyBinding,k8s.io/apiserver/pkg/admission/plugin/policy/validating.Validator]
2026-10-01T19:52:37.566704458Z stderr F I1001 19:52:37.566472       1 plugins.go:157] Loaded 13 mutating admission controller(s) successfully in the following order: NamespaceLifecycle,LimitRanger,ServiceAccount,NodeRestriction,TaintNodesByCondition,Priority,DefaultTolerationSeconds,DefaultStorageClass,StorageObjectInUseProtection,RuntimeClass,DefaultIngressClass,MutatingAdmissionPolicy,MutatingAdmissionWebhook.
2026-10-01T19:52:37.566731041Z stderr F I1001 19:52:37.566556       1 plugins.go:160] Loaded 13 validating admission controller(s) successfully in the following order: LimitRanger,ServiceAccount,PodSecurity,Priority,PersistentVolumeClaimResize,RuntimeClass,CertificateApproval,CertificateSigning,ClusterTrustBundleAttest,CertificateSubjectRestriction,ValidatingAdmissionPolicy,ValidatingAdmissionWebhook,ResourceQuota.
2026-10-01T19:52:37.567012919Z stderr F I1001 19:52:37.566860       1 instance.go:233] Using reconciler: lease
2026-10-01T19:52:37.594951636Z stderr F I1001 19:52:37.594622       1 handler.go:286] Adding GroupVersion apiextensions.k8s.io v1 to ResourceManager
2026-10-01T19:52:37.594994214Z stderr F W1001 19:52:37.594689       1 genericapiserver.go:767] Skipping API apiextensions.k8s.io/v1beta1 because it has no resources.
2026-10-01T19:52:37.735020257Z stderr F I1001 19:52:37.734345       1 handler.go:286] Adding GroupVersion  v1 to ResourceManager
2026-10-01T19:52:37.73504621Z stderr F I1001 19:52:37.734663       1 apis.go:106] API group "internal.apiserver.k8s.io" is not enabled, skipping.
2026-10-01T19:52:38.125300488Z stderr F I1001 19:52:38.125109       1 apis.go:106] API group "storagemigration.k8s.io" is not enabled, skipping.
2026-10-01T19:52:38.47468114Z stderr F I1001 19:52:38.474484       1 apis.go:106] API group "resource.k8s.io" is not enabled, skipping.
2026-10-01T19:52:38.481050847Z stderr F I1001 19:52:38.480866       1 handler.go:286] Adding GroupVersion authentication.k8s.io v1 to ResourceManager
2026-10-01T19:52:38.481068438Z stderr F W1001 19:52:38.480906       1 genericapiserver.go:767] Skipping API authentication.k8s.io/v1beta1 because it has no resources.
2026-10-01T19:52:38.481070234Z stderr F W1001 19:52:38.480912       1 genericapiserver.go:767] Skipping API authentication.k8s.io/v1alpha1 because it has no resources.
2026-10-01T19:52:38.48137542Z stderr F I1001 19:52:38.481207       1 handler.go:286] Adding GroupVersion authorization.k8s.io v1 to ResourceManager
2026-10-01T19:52:38.481380127Z stderr F W1001 19:52:38.481230       1 genericapiserver.go:767] Skipping API authorization.k8s.io/v1beta1 because it has no resources.
2026-10-01T19:52:38.48205977Z stderr F I1001 19:52:38.481940       1 handler.go:286] Adding GroupVersion autoscaling v2 to ResourceManager
2026-10-01T19:52:38.482781098Z stderr F I1001 19:52:38.482550       1 handler.go:286] Adding GroupVersion autoscaling v1 to ResourceManager
2026-10-01T19:52:38.482817147Z stderr F W1001 19:52:38.482579       1 genericapiserver.go:767] Skipping API autoscaling/v2beta1 because it has no resources.
2026-10-01T19:52:38.482830948Z stderr F W1001 19:52:38.482584       1 genericapiserver.go:767] Skipping API autoscaling/v2beta2 because it has no resources.
2026-10-01T19:52:38.483887651Z stderr F I1001 19:52:38.483748       1 handler.go:286] Adding GroupVersion batch v1 to ResourceManager
2026-10-01T19:52:38.483896364Z stderr F W1001 19:52:38.483774       1 genericapiserver.go:767] Skipping API batch/v1beta1 because it has no resources.
2026-10-01T19:52:38.621167991Z stderr F I1001 19:52:38.620944       1 handler.go:286] Adding GroupVersion certificates.k8s.io v1 to ResourceManager
2026-10-01T19:52:38.621183009Z stderr F W1001 19:52:38.620986       1 genericapiserver.go:767] Skipping API certificates.k8s.io/v1beta1 because it has no resources.
2026-10-01T19:52:38.621184288Z stderr F W1001 19:52:38.620991       1 genericapiserver.go:767] Skipping API certificates.k8s.io/v1alpha1 because it has no resources.
2026-10-01T19:52:38.622337986Z stderr F I1001 19:52:38.622191       1 handler.go:286] Adding GroupVersion coordination.k8s.io v1 to ResourceManager
2026-10-01T19:52:38.622344478Z stderr F W1001 19:52:38.622215       1 genericapiserver.go:767] Skipping API coordination.k8s.io/v1beta1 because it has no resources.
2026-10-01T19:52:38.622346014Z stderr F W1001 19:52:38.622220       1 genericapiserver.go:767] Skipping API coordination.k8s.io/v1alpha2 because it has no resources.
2026-10-01T19:52:38.623759981Z stderr F I1001 19:52:38.623565       1 handler.go:286] Adding GroupVersion discovery.k8s.io v1 to ResourceManager
2026-10-01T19:52:38.623772336Z stderr F W1001 19:52:38.623593       1 genericapiserver.go:767] Skipping API discovery.k8s.io/v1beta1 because it has no resources.
2026-10-01T19:52:38.627525116Z stderr F I1001 19:52:38.627348       1 handler.go:286] Adding GroupVersion networking.k8s.io v1 to ResourceManager
2026-10-01T19:52:38.627538561Z stderr F W1001 19:52:38.627381       1 genericapiserver.go:767] Skipping API networking.k8s.io/v1beta1 because it has no resources.
2026-10-01T19:52:38.627539943Z stderr F W1001 19:52:38.627386       1 genericapiserver.go:767] Skipping API networking.k8s.io/v1alpha1 because it has no resources.
2026-10-01T19:52:38.628012914Z stderr F I1001 19:52:38.627904       1 handler.go:286] Adding GroupVersion node.k8s.io v1 to ResourceManager
2026-10-01T19:52:38.628260834Z stderr F W1001 19:52:38.627957       1 genericapiserver.go:767] Skipping API node.k8s.io/v1beta1 because it has no resources.
2026-10-01T19:52:38.628264655Z stderr F W1001 19:52:38.628119       1 genericapiserver.go:767] Skipping API node.k8s.io/v1alpha1 because it has no resources.
2026-10-01T19:52:38.629488267Z stderr F I1001 19:52:38.629363       1 handler.go:286] Adding GroupVersion policy v1 to ResourceManager
2026-10-01T19:52:38.62949325Z stderr F W1001 19:52:38.629408       1 genericapiserver.go:767] Skipping API policy/v1beta1 because it has no resources.
2026-10-01T19:52:38.752574487Z stderr F I1001 19:52:38.752409       1 handler.go:286] Adding GroupVersion rbac.authorization.k8s.io v1 to ResourceManager
2026-10-01T19:52:38.752590073Z stderr F W1001 19:52:38.752444       1 genericapiserver.go:767] Skipping API rbac.authorization.k8s.io/v1beta1 because it has no resources.
2026-10-01T19:52:38.752591465Z stderr F W1001 19:52:38.752449       1 genericapiserver.go:767] Skipping API rbac.authorization.k8s.io/v1alpha1 because it has no resources.
2026-10-01T19:52:38.753174014Z stderr F I1001 19:52:38.753003       1 handler.go:286] Adding GroupVersion scheduling.k8s.io v1 to ResourceManager
2026-10-01T19:52:38.753182107Z stderr F W1001 19:52:38.753037       1 genericapiserver.go:767] Skipping API scheduling.k8s.io/v1beta1 because it has no resources.
2026-10-01T19:52:38.753183453Z stderr F W1001 19:52:38.753041       1 genericapiserver.go:767] Skipping API scheduling.k8s.io/v1alpha1 because it has no resources.
2026-10-01T19:52:38.755700425Z stderr F I1001 19:52:38.755444       1 handler.go:286] Adding GroupVersion storage.k8s.io v1 to ResourceManager
2026-10-01T19:52:38.755716579Z stderr F W1001 19:52:38.755486       1 genericapiserver.go:767] Skipping API storage.k8s.io/v1beta1 because it has no resources.
2026-10-01T19:52:38.755725684Z stderr F W1001 19:52:38.755490       1 genericapiserver.go:767] Skipping API storage.k8s.io/v1alpha1 because it has no resources.
2026-10-01T19:52:38.756832585Z stderr F I1001 19:52:38.756562       1 handler.go:286] Adding GroupVersion flowcontrol.apiserver.k8s.io v1 to ResourceManager
2026-10-01T19:52:38.756840347Z stderr F W1001 19:52:38.756600       1 genericapiserver.go:767] Skipping API flowcontrol.apiserver.k8s.io/v1beta3 because it has no resources.
2026-10-01T19:52:38.756841677Z stderr F W1001 19:52:38.756604       1 genericapiserver.go:767] Skipping API flowcontrol.apiserver.k8s.io/v1beta2 because it has no resources.
2026-10-01T19:52:38.756842813Z stderr F W1001 19:52:38.756607       1 genericapiserver.go:767] Skipping API flowcontrol.apiserver.k8s.io/v1beta1 because it has no resources.
2026-10-01T19:52:38.888445841Z stderr F I1001 19:52:38.888242       1 handler.go:286] Adding GroupVersion apps v1 to ResourceManager
2026-10-01T19:52:38.888459326Z stderr F W1001 19:52:38.888290       1 genericapiserver.go:767] Skipping API apps/v1beta2 because it has no resources.
2026-10-01T19:52:38.888460479Z stderr F W1001 19:52:38.888294       1 genericapiserver.go:767] Skipping API apps/v1beta1 because it has no resources.
2026-10-01T19:52:38.891043246Z stderr F I1001 19:52:38.890892       1 handler.go:286] Adding GroupVersion admissionregistration.k8s.io v1 to ResourceManager
2026-10-01T19:52:38.89105012Z stderr F W1001 19:52:38.890929       1 genericapiserver.go:767] Skipping API admissionregistration.k8s.io/v1beta1 because it has no resources.
2026-10-01T19:52:38.8910516Z stderr F W1001 19:52:38.890933       1 genericapiserver.go:767] Skipping API admissionregistration.k8s.io/v1alpha1 because it has no resources.
2026-10-01T19:52:38.892351789Z stderr F I1001 19:52:38.892196       1 handler.go:286] Adding GroupVersion events.k8s.io v1 to ResourceManager
2026-10-01T19:52:38.892364023Z stderr F W1001 19:52:38.892226       1 genericapiserver.go:767] Skipping API events.k8s.io/v1beta1 because it has no resources.
2026-10-01T19:52:38.901966112Z stderr F I1001 19:52:38.901809       1 handler.go:286] Adding GroupVersion apiregistration.k8s.io v1 to ResourceManager
2026-10-01T19:52:38.901984624Z stderr F W1001 19:52:38.901849       1 genericapiserver.go:767] Skipping API apiregistration.k8s.io/v1beta1 because it has no resources.
2026-10-01T19:52:42.147674607Z stderr F I1001 19:52:42.147373       1 dynamic_cafile_content.go:161] "Starting controller" name="request-header::/etc/kubernetes/pki/front-proxy-ca.crt"
2026-10-01T19:52:42.379014564Z stderr F I1001 19:52:42.147487       1 dynamic_cafile_content.go:161] "Starting controller" name="client-ca-bundle::/etc/kubernetes/pki/ca.crt"
2026-10-01T19:52:42.379028285Z stderr F I1001 19:52:42.147546       1 secure_serving.go:213] Serving securely on [::]:6443
2026-10-01T19:52:42.379030594Z stderr F I1001 19:52:42.147584       1 dynamic_serving_content.go:135] "Starting controller" name="serving-cert::/etc/kubernetes/pki/apiserver.crt::/etc/kubernetes/pki/apiserver.key"
2026-10-01T19:52:42.379056664Z stderr F I1001 19:52:42.147691       1 tlsconfig.go:243] "Starting DynamicServingCertificateController"
2026-10-01T19:52:42.379061368Z stderr F I1001 19:52:42.147813       1 system_namespaces_controller.go:66] Starting system namespaces controller
2026-10-01T19:52:42.379062567Z stderr F I1001 19:52:42.147859       1 local_available_controller.go:156] Starting LocalAvailability controller
2026-10-01T19:52:42.379063545Z stderr F I1001 19:52:42.147869       1 cache.go:32] Waiting for caches to sync for LocalAvailability controller
2026-10-01T19:52:42.379064893Z stderr F I1001 19:52:42.147869       1 dynamic_serving_content.go:135] "Starting controller" name="aggregator-proxy-cert::/etc/kubernetes/pki/front-proxy-client.crt::/etc/kubernetes/pki/front-proxy-client.key"
2026-10-01T19:52:42.37906587Z stderr F I1001 19:52:42.147915       1 apiservice_controller.go:100] Starting APIServiceRegistrationController
2026-10-01T19:52:42.379133478Z stderr F I1001 19:52:42.147925       1 cache.go:32] Waiting for caches to sync for APIServiceRegistrationController controller
2026-10-01T19:52:42.379134865Z stderr F I1001 19:52:42.147961       1 remote_available_controller.go:411] Starting RemoteAvailability controller
2026-10-01T19:52:42.379135747Z stderr F I1001 19:52:42.147981       1 cache.go:32] Waiting for caches to sync for RemoteAvailability controller
2026-10-01T19:52:42.379136703Z stderr F I1001 19:52:42.147991       1 controller.go:80] Starting OpenAPI V3 AggregationController
2026-10-01T19:52:42.379137762Z stderr F I1001 19:52:42.148061       1 customresource_discovery_controller.go:292] Starting DiscoveryController
2026-10-01T19:52:42.379138621Z stderr F I1001 19:52:42.167287       1 controller.go:78] Starting OpenAPI AggregationController
2026-10-01T19:52:42.379139466Z stderr F I1001 19:52:42.167381       1 naming_controller.go:294] Starting NamingConditionController
2026-10-01T19:52:42.379140314Z stderr F I1001 19:52:42.167429       1 controller.go:119] Starting legacy_token_tracking_controller
2026-10-01T19:52:42.379141725Z stderr F I1001 19:52:42.167434       1 controller.go:142] Starting OpenAPI controller
2026-10-01T19:52:42.379142564Z stderr F I1001 19:52:42.167437       1 shared_informer.go:313] Waiting for caches to sync for configmaps
2026-10-01T19:52:42.379143425Z stderr F I1001 19:52:42.167450       1 controller.go:90] Starting OpenAPI V3 controller
2026-10-01T19:52:42.379144241Z stderr F I1001 19:52:42.167499       1 crd_finalizer.go:269] Starting CRDFinalizer
2026-10-01T19:52:42.379145145Z stderr F I1001 19:52:42.167508       1 establishing_controller.go:81] Starting EstablishingController
2026-10-01T19:52:42.379145996Z stderr F I1001 19:52:42.167517       1 nonstructuralschema_controller.go:195] Starting NonStructuralSchemaConditionController
2026-10-01T19:52:42.379148799Z stderr F I1001 19:52:42.167526       1 apf_controller.go:377] Starting API Priority and Fairness config controller
2026-10-01T19:52:42.379149694Z stderr F I1001 19:52:42.167564       1 gc_controller.go:78] Starting apiserver lease garbage collector
2026-10-01T19:52:42.379150578Z stderr F I1001 19:52:42.167657       1 apiapproval_controller.go:189] Starting KubernetesAPIApprovalPolicyConformantConditionController
2026-10-01T19:52:42.379151465Z stderr F I1001 19:52:42.167755       1 aggregator.go:169] waiting for initial CRD sync...
2026-10-01T19:52:42.379152407Z stderr F I1001 19:52:42.167826       1 crdregistration_controller.go:114] Starting crd-autoregister controller
2026-10-01T19:52:42.379153273Z stderr F I1001 19:52:42.167835       1 shared_informer.go:313] Waiting for caches to sync for crd-autoregister
2026-10-01T19:52:42.379154247Z stderr F I1001 19:52:42.191792       1 cluster_authentication_trust_controller.go:462] Starting cluster_authentication_trust_controller controller
2026-10-01T19:52:42.379155178Z stderr F I1001 19:52:42.191889       1 shared_informer.go:313] Waiting for caches to sync for cluster_authentication_trust_controller
2026-10-01T19:52:42.379156088Z stderr F I1001 19:52:42.191966       1 dynamic_cafile_content.go:161] "Starting controller" name="client-ca-bundle::/etc/kubernetes/pki/ca.crt"
2026-10-01T19:52:42.379157021Z stderr F I1001 19:52:42.192175       1 dynamic_cafile_content.go:161] "Starting controller" name="request-header::/etc/kubernetes/pki/front-proxy-ca.crt"
2026-10-01T19:52:42.448840522Z stderr F I1001 19:52:42.448580       1 cache.go:39] Caches are synced for RemoteAvailability controller
2026-10-01T19:52:42.448873759Z stderr F I1001 19:52:42.448606       1 cache.go:39] Caches are synced for LocalAvailability controller
2026-10-01T19:52:42.448883078Z stderr F I1001 19:52:42.448808       1 cache.go:39] Caches are synced for APIServiceRegistrationController controller
2026-10-01T19:52:42.448884208Z stderr F I1001 19:52:42.448862       1 handler_discovery.go:451] Starting ResourceDiscoveryManager
2026-10-01T19:52:42.455609413Z stderr F I1001 19:52:42.455364       1 shared_informer.go:320] Caches are synced for *generic.policySource[*k8s.io/api/admissionregistration/v1.ValidatingAdmissionPolicy,*k8s.io/api/admissionregistration/v1.ValidatingAdmissionPolicyBinding,k8s.io/apiserver/pkg/admission/plugin/policy/validating.Validator]
2026-10-01T19:52:42.455660652Z stderr F I1001 19:52:42.455398       1 policy_source.go:240] refreshing policies
2026-10-01T19:52:42.464795062Z stderr F I1001 19:52:42.464654       1 shared_informer.go:320] Caches are synced for node_authorizer
2026-10-01T19:52:42.468517338Z stderr F I1001 19:52:42.468398       1 shared_informer.go:320] Caches are synced for configmaps
2026-10-01T19:52:42.468524987Z stderr F I1001 19:52:42.468441       1 shared_informer.go:320] Caches are synced for crd-autoregister
2026-10-01T19:52:42.46852635Z stderr F I1001 19:52:42.468469       1 aggregator.go:171] initial CRD sync complete...
2026-10-01T19:52:42.468527309Z stderr F I1001 19:52:42.468476       1 autoregister_controller.go:144] Starting autoregister controller
2026-10-01T19:52:42.468529982Z stderr F I1001 19:52:42.468488       1 cache.go:32] Waiting for caches to sync for autoregister controller
2026-10-01T19:52:42.468531139Z stderr F I1001 19:52:42.468492       1 cache.go:39] Caches are synced for autoregister controller
2026-10-01T19:52:42.468744115Z stderr F I1001 19:52:42.468492       1 apf_controller.go:382] Running API Priority and Fairness config worker
2026-10-01T19:52:42.468748534Z stderr F I1001 19:52:42.468577       1 apf_controller.go:385] Running API Priority and Fairness periodic rebalancing process
2026-10-01T19:52:42.49270702Z stderr F I1001 19:52:42.492464       1 shared_informer.go:320] Caches are synced for cluster_authentication_trust_controller
2026-10-01T19:52:42.503669035Z stderr F I1001 19:52:42.503492       1 controller.go:615] quota admission added evaluator for: namespaces
2026-10-01T19:52:43.811516515Z stderr F E1001 19:52:43.810956       1 controller.go:148] "Unhandled Error" err="while syncing ConfigMap \"kube-system/kube-apiserver-legacy-service-account-token-tracking\", err: namespaces \"kube-system\" not found" logger="UnhandledError"
2026-10-01T19:52:43.81242577Z stderr F E1001 19:52:43.812297       1 controller.go:145] "Failed to ensure lease exists, will retry" err="namespaces \"kube-system\" not found" interval="200ms"
2026-10-01T19:52:44.9093451Z stderr F I1001 19:52:44.909221       1 storage_scheduling.go:95] created PriorityClass system-node-critical with value 2000001000
2026-10-01T19:52:46.265082778Z stderr F I1001 19:52:46.263950       1 controller.go:615] quota admission added evaluator for: leases.coordination.k8s.io
2026-10-01T19:52:49.08589109Z stderr F I1001 19:52:49.085705       1 storage_scheduling.go:95] created PriorityClass system-cluster-critical with value 2000000000
2026-10-01T19:52:49.085944416Z stderr F I1001 19:52:49.085910       1 storage_scheduling.go:111] all system priority classes are created successfully or already exist.
2026-10-01T19:53:07.879432309Z stderr F I1001 19:53:07.879208       1 controller.go:615] quota admission added evaluator for: roles.rbac.authorization.k8s.io
2026-10-01T19:53:07.980065742Z stderr F I1001 19:53:07.979704       1 controller.go:615] quota admission added evaluator for: rolebindings.rbac.authorization.k8s.io
2026-10-01T19:53:08.119396911Z stderr F I1001 19:53:08.118746       1 alloc.go:330] "allocated clusterIPs" service="default/kubernetes" clusterIPs={"IPv4":"10.96.0.1"}
2026-10-01T19:53:08.131502224Z stderr F W1001 19:53:08.131248       1 lease.go:265] Resetting endpoints for master service "kubernetes" to [172.23.0.2]
2026-10-01T19:53:08.133225308Z stderr F I1001 19:53:08.133057       1 controller.go:615] quota admission added evaluator for: endpoints
2026-10-01T19:53:08.142348504Z stderr F I1001 19:53:08.142100       1 controller.go:615] quota admission added evaluator for: endpointslices.discovery.k8s.io
2026-10-01T19:53:09.3528193Z stderr F I1001 19:53:09.352618       1 controller.go:615] quota admission added evaluator for: serviceaccounts
2026-10-01T19:53:09.467813981Z stderr F I1001 19:53:09.467605       1 controller.go:615] quota admission added evaluator for: deployments.apps
2026-10-01T19:53:09.553100485Z stderr F I1001 19:53:09.552866       1 alloc.go:330] "allocated clusterIPs" service="kube-system/kube-dns" clusterIPs={"IPv4":"10.96.0.10"}
2026-10-01T19:53:09.632524301Z stderr F I1001 19:53:09.632242       1 controller.go:615] quota admission added evaluator for: daemonsets.apps
