Oct 01 19:51:19 roomfit-control-plane systemd[1]: Starting containerd.service - containerd container runtime...
Oct 01 19:51:19 roomfit-control-plane containerd[105]: time="2026-10-01T19:51:19.113897115Z" level=info msg="starting containerd" revision=c507a0257ea6462fbd6f5ba4f5c74facb04021f4 version=v2.0.2
Oct 01 19:51:19 roomfit-control-plane containerd[105]: time="2026-10-01T19:51:19.122210398Z" level=warning msg="Configuration migrated from version 2, use `containerd config migrate` to avoid migration" t="15.185µs"
Oct 01 19:51:19 roomfit-control-plane containerd[105]: time="2026-10-01T19:51:19.122300731Z" level=info msg="loading plugin" id=io.containerd.image-verifier.v1.bindir type=io.containerd.image-verifier.v1
Oct 01 19:51:19 roomfit-control-plane containerd[105]: time="2026-10-01T19:51:19.122324483Z" level=info msg="loading plugin" id=io.containerd.internal.v1.opt type=io.containerd.internal.v1
Oct 01 19:51:19 roomfit-control-plane containerd[105]: time="2026-10-01T19:51:19.122440179Z" level=info msg="loading plugin" id=io.containerd.warning.v1.deprecations type=io.containerd.warning.v1
Oct 01 19:51:19 roomfit-control-plane containerd[105]: time="2026-10-01T19:51:19.122454169Z" level=info msg="loading plugin" id=io.containerd.content.v1.content type=io.containerd.content.v1
Oct 01 19:51:19 roomfit-control-plane containerd[105]: time="2026-10-01T19:51:19.122964547Z" level=info msg="loading plugin" id=io.containerd.snapshotter.v1.blockfile type=io.containerd.snapshotter.v1
Oct 01 19:51:19 roomfit-control-plane containerd[105]: time="2026-10-01T19:51:19.123060833Z" level=info msg="skip loading plugin" error="no scratch file generator: skip plugin" id=io.containerd.snapshotter.v1.blockfile type=io.containerd.snapshotter.v1
Oct 01 19:51:19 roomfit-control-plane containerd[105]: time="2026-10-01T19:51:19.123075686Z" level=info msg="loading plugin" id=io.containerd.snapshotter.v1.native type=io.containerd.snapshotter.v1
Oct 01 19:51:19 roomfit-control-plane containerd[105]: time="2026-10-01T19:51:19.123094518Z" level=info msg="loading plugin" id=io.containerd.snapshotter.v1.overlayfs type=io.containerd.snapshotter.v1
Oct 01 19:51:19 roomfit-control-plane containerd[105]: time="2026-10-01T19:51:19.123184905Z" level=info msg="loading plugin" id=io.containerd.event.v1.exchange type=io.containerd.event.v1
Oct 01 19:51:19 roomfit-control-plane containerd[105]: time="2026-10-01T19:51:19.123246099Z" level=info msg="loading plugin" id=io.containerd.monitor.task.v1.cgroups type=io.containerd.monitor.task.v1
Oct 01 19:51:19 roomfit-control-plane containerd[105]: time="2026-10-01T19:51:19.123539452Z" level=info msg="loading plugin" id=io.containerd.snapshotter.v1.fuse-overlayfs type=io.containerd.snapshotter.v1
Oct 01 19:51:19 roomfit-control-plane containerd[105]: time="2026-10-01T19:51:19.123667979Z" level=info msg="loading plugin" id=io.containerd.metadata.v1.bolt type=io.containerd.metadata.v1
Oct 01 19:51:19 roomfit-control-plane containerd[105]: time="2026-10-01T19:51:19.123706610Z" level=info msg="metadata content store policy set" policy=shared
Oct 01 19:51:19 roomfit-control-plane containerd[105]: time="2026-10-01T19:51:19.125853312Z" level=info msg="loading plugin" id=io.containerd.gc.v1.scheduler type=io.containerd.gc.v1
Oct 01 19:51:19 roomfit-control-plane containerd[105]: time="2026-10-01T19:51:19.125932607Z" level=info msg="loading plugin" id=io.containerd.differ.v1.walking type=io.containerd.differ.v1
Oct 01 19:51:19 roomfit-control-plane containerd[105]: time="2026-10-01T19:51:19.125948460Z" level=info msg="loading plugin" id=io.containerd.lease.v1.manager type=io.containerd.lease.v1
Oct 01 19:51:19 roomfit-control-plane containerd[105]: time="2026-10-01T19:51:19.125959216Z" level=info msg="loading plugin" id=io.containerd.service.v1.containers-service type=io.containerd.service.v1
Oct 01 19:51:19 roomfit-control-plane containerd[105]: time="2026-10-01T19:51:19.125969149Z" level=info msg="loading plugin" id=io.containerd.service.v1.content-service type=io.containerd.service.v1
Oct 01 19:51:19 roomfit-control-plane containerd[105]: time="2026-10-01T19:51:19.125978326Z" level=info msg="loading plugin" id=io.containerd.service.v1.diff-service type=io.containerd.service.v1
Oct 01 19:51:19 roomfit-control-plane containerd[105]: time="2026-10-01T19:51:19.125994067Z" level=info msg="loading plugin" id=io.containerd.service.v1.images-service type=io.containerd.service.v1
Oct 01 19:51:19 roomfit-control-plane containerd[105]: time="2026-10-01T19:51:19.126009162Z" level=info msg="loading plugin" id=io.containerd.service.v1.introspection-service type=io.containerd.service.v1
Oct 01 19:51:19 roomfit-control-plane containerd[105]: time="2026-10-01T19:51:19.126017861Z" level=info msg="loading plugin" id=io.containerd.service.v1.namespaces-service type=io.containerd.service.v1
Oct 01 19:51:19 roomfit-control-plane containerd[105]: time="2026-10-01T19:51:19.126026743Z" level=info msg="loading plugin" id=io.containerd.service.v1.snapshots-service type=io.containerd.service.v1
Oct 01 19:51:19 roomfit-control-plane containerd[105]: time="2026-10-01T19:51:19.126035623Z" level=info msg="loading plugin" id=io.containerd.shim.v1.manager type=io.containerd.shim.v1
Oct 01 19:51:19 roomfit-control-plane containerd[105]: time="2026-10-01T19:51:19.126045437Z" level=info msg="loading plugin" id=io.containerd.runtime.v2.task type=io.containerd.runtime.v2
Oct 01 19:51:19 roomfit-control-plane containerd[105]: time="2026-10-01T19:51:19.126131399Z" level=info msg="loading plugin" id=io.containerd.service.v1.tasks-service type=io.containerd.service.v1
Oct 01 19:51:19 roomfit-control-plane containerd[105]: time="2026-10-01T19:51:19.126145806Z" level=info msg="loading plugin" id=io.containerd.grpc.v1.containers type=io.containerd.grpc.v1
Oct 01 19:51:19 roomfit-control-plane containerd[105]: time="2026-10-01T19:51:19.126155417Z" level=info msg="loading plugin" id=io.containerd.grpc.v1.content type=io.containerd.grpc.v1
Oct 01 19:51:19 roomfit-control-plane containerd[105]: time="2026-10-01T19:51:19.126174975Z" level=info msg="loading plugin" id=io.containerd.grpc.v1.diff type=io.containerd.grpc.v1
Oct 01 19:51:19 roomfit-control-plane containerd[105]: time="2026-10-01T19:51:19.126216024Z" level=info msg="loading plugin" id=io.containerd.grpc.v1.events type=io.containerd.grpc.v1
Oct 01 19:51:19 roomfit-control-plane containerd[105]: time="2026-10-01T19:51:19.126228113Z" level=info msg="loading plugin" id=io.containerd.grpc.v1.images type=io.containerd.grpc.v1
Oct 01 19:51:19 roomfit-control-plane containerd[105]: time="2026-10-01T19:51:19.126238209Z" level=info msg="loading plugin" id=io.containerd.grpc.v1.introspection type=io.containerd.grpc.v1
Oct 01 19:51:19 roomfit-control-plane containerd[105]: time="2026-10-01T19:51:19.126246881Z" level=info msg="loading plugin" id=io.containerd.grpc.v1.leases type=io.containerd.grpc.v1
Oct 01 19:51:19 roomfit-control-plane containerd[105]: time="2026-10-01T19:51:19.126255342Z" level=info msg="loading plugin" id=io.containerd.grpc.v1.namespaces type=io.containerd.grpc.v1
Oct 01 19:51:19 roomfit-control-plane containerd[105]: time="2026-10-01T19:51:19.126265233Z" level=info msg="loading plugin" id=io.containerd.sandbox.store.v1.local type=io.containerd.sandbox.store.v1
Oct 01 19:51:19 roomfit-control-plane containerd[105]: time="2026-10-01T19:51:19.126274426Z" level=info msg="loading plugin" id=io.containerd.cri.v1.images type=io.containerd.cri.v1
Oct 01 19:51:19 roomfit-control-plane containerd[105]: time="2026-10-01T19:51:19.126376442Z" level=info msg="Get image filesystem path \"/var/lib/containerd/io.containerd.snapshotter.v1.overlayfs\" for snapshotter \"overlayfs\""
Oct 01 19:51:19 roomfit-control-plane containerd[105]: time="2026-10-01T19:51:19.126386875Z" level=info msg="Start snapshots syncer"
Oct 01 19:51:19 roomfit-control-plane containerd[105]: time="2026-10-01T19:51:19.126438526Z" level=info msg="loading plugin" id=io.containerd.cri.v1.runtime type=io.containerd.cri.v1
Oct 01 19:51:19 roomfit-control-plane containerd[105]: time="2026-10-01T19:51:19.126542205Z" level=warning msg="Ignoring unknown key in TOML for plugin" error="strict mode: fields in the document are missing in the target struct" key=tolerate_missing_hugepages_controller plugin=io.containerd.cri.v1.runtime
Oct 01 19:51:19 roomfit-control-plane containerd[105]: time="2026-10-01T19:51:19.126753891Z" level=info msg="starting cri plugin" config="{\"containerd\":{\"defaultRuntimeName\":\"runc\",\"runtimes\":{\"runc\":{\"runtimeType\":\"io.containerd.runc.v2\",\"runtimePath\":\"\",\"PodAnnotations\":null,\"ContainerAnnotations\":null,\"options\":{\"BinaryName\":\"\",\"CriuImagePath\":\"\",\"CriuWorkPath\":\"\",\"IoGid\":0,\"IoUid\":0,\"NoNewKeyring\":false,\"Root\":\"\",\"ShimCgroup\":\"\",\"SystemdCgroup\":true},\"privileged_without_host_devices\":false,\"privileged_without_host_devices_all_devices_allowed\":false,\"baseRuntimeSpec\":\"/etc/containerd/cri-base.json\",\"cniConfDir\":\"\",\"cniMaxConfNum\":0,\"snapshotter\":\"\",\"sandboxer\":\"podsandbox\",\"io_type\":\"\"},\"test-handler\":{\"runtimeType\":\"io.containerd.runc.v2\",\"runtimePath\":\"\",\"PodAnnotations\":null,\"ContainerAnnotations\":null,\"options\":{\"SystemdCgroup\":true},\"privileged_without_host_devices\":false,\"privileged_without_host_devices_all_devices_allowed\":false,\"baseRuntimeSpec\":\"/etc/containerd/cri-base.json\",\"cniConfDir\":\"\",\"cniMaxConfNum\":0,\"snapshotter\":\"\",\"sandboxer\":\"podsandbox\",\"io_type\":\"\"}},\"ignoreBlockIONotEnabledErrors\":false,\"ignoreRdtNotEnabledErrors\":false},\"cni\":{\"binDir\":\"/opt/cni/bin\",\"confDir\":\"/etc/cni/net.d\",\"maxConfNum\":1,\"setupSerially\":false,\"confTemplate\":\"\",\"ipPref\":\"\",\"useInternalLoopback\":false},\"enableSelinux\":false,\"selinuxCategoryRange\":1024,\"maxContainerLogSize\":16384,\"disableApparmor\":false,\"restrictOOMScoreAdj\":false,\"disableProcMount\":false,\"unsetSeccompProfile\":\"\",\"tolerateMissingHugetlbController\":true,\"disableHugetlbController\":true,\"device_ownership_from_security_context\":false,\"ignoreImageDefinedVolumes\":false,\"netnsMountsUnderStateDir\":false,\"enableUnprivilegedPorts\":true,\"enableUnprivilegedICMP\":true,\"enableCDI\":true,\"cdiSpecDirs\":[\"/etc/cdi\",\"/var/run/cdi\"],\"drainExecSyncIOTimeout\":\"0s\",\"ignoreDeprecationWarnings\":null,\"containerdRootDir\":\"/var/lib/containerd\",\"containerdEndpoint\":\"/run/containerd/containerd.sock\",\"rootDir\":\"/var/lib/containerd/io.containerd.grpc.v1.cri\",\"stateDir\":\"/run/containerd/io.containerd.grpc.v1.cri\"}"
Oct 01 19:51:19 roomfit-control-plane containerd[105]: time="2026-10-01T19:51:19.127707083Z" level=info msg="loading plugin" id=io.containerd.podsandbox.controller.v1.podsandbox type=io.containerd.podsandbox.controller.v1
Oct 01 19:51:19 roomfit-control-plane containerd[105]: time="2026-10-01T19:51:19.127857457Z" level=info msg="loading plugin" id=io.containerd.sandbox.controller.v1.shim type=io.containerd.sandbox.controller.v1
Oct 01 19:51:19 roomfit-control-plane containerd[105]: time="2026-10-01T19:51:19.127943331Z" level=info msg="loading plugin" id=io.containerd.grpc.v1.sandbox-controllers type=io.containerd.grpc.v1
Oct 01 19:51:19 roomfit-control-plane containerd[105]: time="2026-10-01T19:51:19.127981306Z" level=info msg="loading plugin" id=io.containerd.grpc.v1.sandboxes type=io.containerd.grpc.v1
Oct 01 19:51:19 roomfit-control-plane containerd[105]: time="2026-10-01T19:51:19.127992636Z" level=info msg="loading plugin" id=io.containerd.grpc.v1.snapshots type=io.containerd.grpc.v1
Oct 01 19:51:19 roomfit-control-plane containerd[105]: time="2026-10-01T19:51:19.128000832Z" level=info msg="loading plugin" id=io.containerd.streaming.v1.manager type=io.containerd.streaming.v1
Oct 01 19:51:19 roomfit-control-plane containerd[105]: time="2026-10-01T19:51:19.128018273Z" level=info msg="loading plugin" id=io.containerd.grpc.v1.streaming type=io.containerd.grpc.v1
Oct 01 19:51:19 roomfit-control-plane containerd[105]: time="2026-10-01T19:51:19.128027273Z" level=info msg="loading plugin" id=io.containerd.grpc.v1.tasks type=io.containerd.grpc.v1
Oct 01 19:51:19 roomfit-control-plane containerd[105]: time="2026-10-01T19:51:19.128035965Z" level=info msg="loading plugin" id=io.containerd.transfer.v1.local type=io.containerd.transfer.v1
Oct 01 19:51:19 roomfit-control-plane containerd[105]: time="2026-10-01T19:51:19.128059110Z" level=info msg="loading plugin" id=io.containerd.grpc.v1.transfer type=io.containerd.grpc.v1
Oct 01 19:51:19 roomfit-control-plane containerd[105]: time="2026-10-01T19:51:19.128069943Z" level=info msg="loading plugin" id=io.containerd.grpc.v1.version type=io.containerd.grpc.v1
Oct 01 19:51:19 roomfit-control-plane containerd[105]: time="2026-10-01T19:51:19.128077677Z" level=info msg="loading plugin" id=io.containerd.monitor.container.v1.restart type=io.containerd.monitor.container.v1
Oct 01 19:51:19 roomfit-control-plane containerd[105]: time="2026-10-01T19:51:19.128128083Z" level=info msg="loading plugin" id=io.containerd.tracing.processor.v1.otlp type=io.containerd.tracing.processor.v1
Oct 01 19:51:19 roomfit-control-plane containerd[105]: time="2026-10-01T19:51:19.128146670Z" level=info msg="skip loading plugin" error="skip plugin: tracing endpoint not configured" id=io.containerd.tracing.processor.v1.otlp type=io.containerd.tracing.processor.v1
Oct 01 19:51:19 roomfit-control-plane containerd[105]: time="2026-10-01T19:51:19.128154565Z" level=info msg="loading plugin" id=io.containerd.internal.v1.tracing type=io.containerd.internal.v1
Oct 01 19:51:19 roomfit-control-plane containerd[105]: time="2026-10-01T19:51:19.128163163Z" level=info msg="skip loading plugin" error="skip plugin: tracing endpoint not configured" id=io.containerd.internal.v1.tracing type=io.containerd.internal.v1
Oct 01 19:51:19 roomfit-control-plane containerd[105]: time="2026-10-01T19:51:19.128171454Z" level=info msg="loading plugin" id=io.containerd.ttrpc.v1.otelttrpc type=io.containerd.ttrpc.v1
Oct 01 19:51:19 roomfit-control-plane containerd[105]: time="2026-10-01T19:51:19.128191382Z" level=info msg="loading plugin" id=io.containerd.grpc.v1.healthcheck type=io.containerd.grpc.v1
Oct 01 19:51:19 roomfit-control-plane containerd[105]: time="2026-10-01T19:51:19.128204445Z" level=info msg="loading plugin" id=io.containerd.nri.v1.nri type=io.containerd.nri.v1
Oct 01 19:51:19 roomfit-control-plane containerd[105]: time="2026-10-01T19:51:19.128224657Z" level=info msg="runtime interface created"
Oct 01 19:51:19 roomfit-control-plane containerd[105]: time="2026-10-01T19:51:19.128229107Z" level=info msg="created NRI interface"
Oct 01 19:51:19 roomfit-control-plane containerd[105]: time="2026-10-01T19:51:19.128239116Z" level=info msg="loading plugin" id=io.containerd.grpc.v1.cri type=io.containerd.grpc.v1
Oct 01 19:51:19 roomfit-control-plane containerd[105]: time="2026-10-01T19:51:19.128252272Z" level=info msg="Connect containerd service"
Oct 01 19:51:19 roomfit-control-plane containerd[105]: time="2026-10-01T19:51:19.128394565Z" level=info msg="using experimental NRI integration - disable nri plugin to prevent this"
Oct 01 19:51:19 roomfit-control-plane containerd[105]: time="2026-10-01T19:51:19.129186497Z" level=error msg="failed to load cni during init, please check CRI plugin status before setting up network for pods" error="cni config load failed: no network config found in /etc/cni/net.d: cni plugin not initialized: failed to load cni config"
Oct 01 19:51:19 roomfit-control-plane containerd[105]: time="2026-10-01T19:51:19.159843510Z" level=info msg="Start subscribing containerd event"
Oct 01 19:51:19 roomfit-control-plane containerd[105]: time="2026-10-01T19:51:19.159920405Z" level=info msg="Start recovering state"
Oct 01 19:51:19 roomfit-control-plane containerd[105]: time="2026-10-01T19:51:19.160118126Z" level=info msg=serving... address=/run/containerd/containerd.sock.ttrpc
Oct 01 19:51:19 roomfit-control-plane containerd[105]: time="2026-10-01T19:51:19.160182952Z" level=info msg=serving... address=/run/containerd/containerd.sock
Oct 01 19:51:19 roomfit-control-plane containerd[105]: time="2026-10-01T19:51:19.161398308Z" level=warning msg="The image sha256:f1332858868e1c6a905123b21e2e322ab45a5b99a3532e68ff49a87c2266ebc5 is not unpacked."
Oct 01 19:51:19 roomfit-control-plane containerd[105]: time="2026-10-01T19:51:19.162180356Z" level=warning msg="The image registry.k8s.io/kube-proxy-amd64:v1.32.2 is not unpacked."
Oct 01 19:51:19 roomfit-control-plane containerd[105]: time="2026-10-01T19:51:19.162833184Z" level=warning msg="The image sha256:873ed75102791e5b0b8a7fcd41606c92fcec98d56d05ead4ac5131650004c136 is not unpacked."
Oct 01 19:51:19 roomfit-control-plane containerd[105]: time="2026-10-01T19:51:19.164439448Z" level=warning msg="The image registry.k8s.io/kube-proxy:v1.32.2 is not unpacked."
Oct 01 19:51:19 roomfit-control-plane containerd[105]: time="2026-10-01T19:51:19.165207748Z" level=warning msg="The image registry.k8s.io/kube-apiserver-amd64:v1.32.2 is not unpacked."
Oct 01 19:51:19 roomfit-control-plane containerd[105]: time="2026-10-01T19:51:19.165267481Z" level=warning msg="The image docker.io/kindest/local-path-helper:v20241212-8ac705d0 is not unpacked."
Oct 01 19:51:19 roomfit-control-plane containerd[105]: time="2026-10-01T19:51:19.165539169Z" level=warning msg="The image sha256:b6a454c5a800d201daacead6ff195ec6049fe6dc086621b0670bca912efaf389 is not unpacked."
Oct 01 19:51:19 roomfit-control-plane containerd[105]: time="2026-10-01T19:51:19.165564069Z" level=warning msg="The image registry.k8s.io/pause:3.10 is not unpacked."
Oct 01 19:51:19 roomfit-control-plane containerd[105]: time="2026-10-01T19:51:19.165660982Z" level=warning msg="The image sha256:baa0d31514ee559c8962d6469a23315bcc8342cbbc1eccc49fa803dcd9653cb7 is not unpacked."
Oct 01 19:51:19 roomfit-control-plane containerd[105]: time="2026-10-01T19:51:19.165790805Z" level=warning msg="The image docker.io/kindest/kindnetd:v20250214-acbabc1a is not unpacked."
Oct 01 19:51:19 roomfit-control-plane containerd[105]: time="2026-10-01T19:51:19.166100719Z" level=warning msg="The image registry.k8s.io/kube-scheduler-amd64:v1.32.2 is not unpacked."
Oct 01 19:51:19 roomfit-control-plane containerd[105]: time="2026-10-01T19:51:19.166161689Z" level=warning msg="The image registry.k8s.io/etcd:3.5.16-0 is not unpacked."
Oct 01 19:51:19 roomfit-control-plane containerd[105]: time="2026-10-01T19:51:19.166215120Z" level=warning msg="The image sha256:df3849d954c98a7162c7bee7313ece357606e313d98ebd68b7aac5e961b1156f is not unpacked."
Oct 01 19:51:19 roomfit-control-plane containerd[105]: time="2026-10-01T19:51:19.166312172Z" level=warning msg="The image registry.k8s.io/kube-apiserver:v1.32.2 is not unpacked."
Oct 01 19:51:19 roomfit-control-plane containerd[105]: time="2026-10-01T19:51:19.166416503Z" level=warning msg="The image docker.io/kindest/local-path-provisioner:v20250214-acbabc1a is not unpacked."
Oct 01 19:51:19 roomfit-control-plane containerd[105]: time="2026-10-01T19:51:19.166486963Z" level=warning msg="The image registry.k8s.io/kube-scheduler:v1.32.2 is not unpacked."
Oct 01 19:51:19 roomfit-control-plane containerd[105]: time="2026-10-01T19:51:19.167104672Z" level=warning msg="The image sha256:bbb6209cc873b9b4095bd014b4687512eea2bd7b246f9ec06f4f6f0be14d9fb6 is not unpacked."
Oct 01 19:51:19 roomfit-control-plane containerd[105]: time="2026-10-01T19:51:19.167216944Z" level=warning msg="The image registry.k8s.io/kube-controller-manager-amd64:v1.32.2 is not unpacked."
Oct 01 19:51:19 roomfit-control-plane containerd[105]: time="2026-10-01T19:51:19.167511000Z" level=warning msg="The image sha256:a9e7e6b294baf1695fccb862d956c5d3ad8510e1e4ca1535f35dc09f247abbfc is not unpacked."
Oct 01 19:51:19 roomfit-control-plane containerd[105]: time="2026-10-01T19:51:19.167653320Z" level=warning msg="The image registry.k8s.io/kube-controller-manager:v1.32.2 is not unpacked."
Oct 01 19:51:19 roomfit-control-plane containerd[105]: time="2026-10-01T19:51:19.167936606Z" level=warning msg="The image sha256:85b7a174738baecbc53029b7913cd430a2060e0cbdb5f56c7957d32ff7f241ef is not unpacked."
Oct 01 19:51:19 roomfit-control-plane containerd[105]: time="2026-10-01T19:51:19.168273249Z" level=warning msg="The image sha256:c69fa2e9cbf5f42dc48af631e956d3f95724c13f91596bc567591790e5e36db6 is not unpacked."
Oct 01 19:51:19 roomfit-control-plane containerd[105]: time="2026-10-01T19:51:19.168377143Z" level=warning msg="The image sha256:d8e673e7c9983f1f53569a9d2ba786c8abb42e3f744f77dc97a595f3caf9435d is not unpacked."
Oct 01 19:51:19 roomfit-control-plane containerd[105]: time="2026-10-01T19:51:19.169309633Z" level=warning msg="The image registry.k8s.io/coredns/coredns:v1.11.3 is not unpacked."
Oct 01 19:51:19 roomfit-control-plane containerd[105]: time="2026-10-01T19:51:19.184138483Z" level=info msg="Start event monitor"
Oct 01 19:51:19 roomfit-control-plane containerd[105]: time="2026-10-01T19:51:19.184216551Z" level=info msg="Start cni network conf syncer for default"
Oct 01 19:51:19 roomfit-control-plane containerd[105]: time="2026-10-01T19:51:19.184226897Z" level=info msg="Start streaming server"
Oct 01 19:51:19 roomfit-control-plane containerd[105]: time="2026-10-01T19:51:19.184236905Z" level=info msg="Registered namespace \"k8s.io\" with NRI"
Oct 01 19:51:19 roomfit-control-plane containerd[105]: time="2026-10-01T19:51:19.184243749Z" level=info msg="runtime interface starting up..."
Oct 01 19:51:19 roomfit-control-plane containerd[105]: time="2026-10-01T19:51:19.184249688Z" level=info msg="starting plugins..."
Oct 01 19:51:19 roomfit-control-plane containerd[105]: time="2026-10-01T19:51:19.184274873Z" level=info msg="Synchronizing NRI (plugin) with current runtime state"
Oct 01 19:51:19 roomfit-control-plane containerd[105]: time="2026-10-01T19:51:19.184429053Z" level=info msg="containerd successfully booted in 0.071567s"
Oct 01 19:51:19 roomfit-control-plane systemd[1]: Started containerd.service - containerd container runtime.
Oct 01 19:51:26 roomfit-control-plane containerd[105]: time="2026-10-01T19:51:26.938514498Z" level=info msg="RunPodSandbox for &PodSandboxMetadata{Name:etcd-roomfit-control-plane,Uid:d11d2b98fb1df4566bc9af923be1e7e8,Namespace:kube-system,Attempt:0,}"
Oct 01 19:51:26 roomfit-control-plane containerd[105]: time="2026-10-01T19:51:26.940179415Z" level=info msg="RunPodSandbox for &PodSandboxMetadata{Name:kube-apiserver-roomfit-control-plane,Uid:549370dc86dacc9f99a5af739ce5cc35,Namespace:kube-system,Attempt:0,}"
Oct 01 19:51:26 roomfit-control-plane containerd[105]: time="2026-10-01T19:51:26.966128617Z" level=info msg="RunPodSandbox for &PodSandboxMetadata{Name:kube-controller-manager-roomfit-control-plane,Uid:5644763134ce1777220e0dd4a4f3670d,Namespace:kube-system,Attempt:0,}"
Oct 01 19:51:26 roomfit-control-plane containerd[105]: time="2026-10-01T19:51:26.969517540Z" level=info msg="RunPodSandbox for &PodSandboxMetadata{Name:kube-scheduler-roomfit-control-plane,Uid:499e49343b9060d2e7af25edb859cc78,Namespace:kube-system,Attempt:0,}"
Oct 01 19:51:27 roomfit-control-plane containerd[105]: time="2026-10-01T19:51:27.217611361Z" level=info msg="connecting to shim f26f45b9a6ea36db78d8a05592507bbf768a2e779436a271a4e6b20d804b624e" address="unix:///run/containerd/s/7c87e26d66b0b5dc6902c937b7c37f5d2f0cb42843783adb93356cd648eb41d1" namespace=k8s.io protocol=ttrpc version=3
Oct 01 19:51:27 roomfit-control-plane containerd[105]: time="2026-10-01T19:51:27.225918644Z" level=info msg="connecting to shim 563b37c75e8176f43011b3cbe2992392bc0514c4748ab904471b74c7d920a114" address="unix:///run/containerd/s/2d8c5e356e2e8a0c54f13ede56295ea97466e7c570c4b469739751186959fde4" namespace=k8s.io protocol=ttrpc version=3
Oct 01 19:51:27 roomfit-control-plane containerd[105]: time="2026-10-01T19:51:27.241631647Z" level=info msg="connecting to shim 8c9ca0ca96a288334d2abd971d7ceacfd222ecd941dbf1be5ed01f38acfa85ff" address="unix:///run/containerd/s/63769ea755ac178da35f080866454fdb2126fb97bce0e31c58b44dda581da991" namespace=k8s.io protocol=ttrpc version=3
Oct 01 19:51:27 roomfit-control-plane containerd[105]: time="2026-10-01T19:51:27.250818917Z" level=info msg="connecting to shim 0bdc734915829011930125de2ac6730b1d3dfb72355e63c49c58d9765b40b6fa" address="unix:///run/containerd/s/0128c7b1108955d85ab1751ecb58364265116421610b03224e48e016fbde070a" namespace=k8s.io protocol=ttrpc version=3
Oct 01 19:51:27 roomfit-control-plane containerd[105]: time="2026-10-01T19:51:27.330777626Z" level=info msg="RunPodSandbox for &PodSandboxMetadata{Name:etcd-roomfit-control-plane,Uid:d11d2b98fb1df4566bc9af923be1e7e8,Namespace:kube-system,Attempt:0,} returns sandbox id \"f26f45b9a6ea36db78d8a05592507bbf768a2e779436a271a4e6b20d804b624e\""
Oct 01 19:51:27 roomfit-control-plane containerd[105]: time="2026-10-01T19:51:27.337398254Z" level=info msg="CreateContainer within sandbox \"f26f45b9a6ea36db78d8a05592507bbf768a2e779436a271a4e6b20d804b624e\" for container &ContainerMetadata{Name:etcd,Attempt:0,}"
Oct 01 19:51:27 roomfit-control-plane containerd[105]: time="2026-10-01T19:51:27.352875471Z" level=info msg="RunPodSandbox for &PodSandboxMetadata{Name:kube-apiserver-roomfit-control-plane,Uid:549370dc86dacc9f99a5af739ce5cc35,Namespace:kube-system,Attempt:0,} returns sandbox id \"563b37c75e8176f43011b3cbe2992392bc0514c4748ab904471b74c7d920a114\""
Oct 01 19:51:27 roomfit-control-plane containerd[105]: time="2026-10-01T19:51:27.356989620Z" level=info msg="CreateContainer within sandbox \"563b37c75e8176f43011b3cbe2992392bc0514c4748ab904471b74c7d920a114\" for container &ContainerMetadata{Name:kube-apiserver,Attempt:0,}"
Oct 01 19:51:27 roomfit-control-plane containerd[105]: time="2026-10-01T19:51:27.373074315Z" level=info msg="RunPodSandbox for &PodSandboxMetadata{Name:kube-controller-manager-roomfit-control-plane,Uid:5644763134ce1777220e0dd4a4f3670d,Namespace:kube-system,Attempt:0,} returns sandbox id \"8c9ca0ca96a288334d2abd971d7ceacfd222ecd941dbf1be5ed01f38acfa85ff\""
Oct 01 19:51:27 roomfit-control-plane containerd[105]: time="2026-10-01T19:51:27.376976277Z" level=info msg="CreateContainer within sandbox \"8c9ca0ca96a288334d2abd971d7ceacfd222ecd941dbf1be5ed01f38acfa85ff\" for container &ContainerMetadata{Name:kube-controller-manager,Attempt:0,}"
Oct 01 19:51:27 roomfit-control-plane containerd[105]: time="2026-10-01T19:51:27.384936755Z" level=info msg="RunPodSandbox for &PodSandboxMetadata{Name:kube-scheduler-roomfit-control-plane,Uid:499e49343b9060d2e7af25edb859cc78,Namespace:kube-system,Attempt:0,} returns sandbox id \"0bdc734915829011930125de2ac6730b1d3dfb72355e63c49c58d9765b40b6fa\""
Oct 01 19:51:27 roomfit-control-plane containerd[105]: time="2026-10-01T19:51:27.389108494Z" level=info msg="CreateContainer within sandbox \"0bdc734915829011930125de2ac6730b1d3dfb72355e63c49c58d9765b40b6fa\" for container &ContainerMetadata{Name:kube-scheduler,Attempt:0,}"
Oct 01 19:51:29 roomfit-control-plane containerd[105]: time="2026-10-01T19:51:29.830744924Z" level=info msg="Container 930f6332dd5301f75ffc41375f5654bb8a8a8c2eed9b89b740a602afb6218f50: CDI devices from CRI Config.CDIDevices: []"
Oct 01 19:51:29 roomfit-control-plane containerd[105]: time="2026-10-01T19:51:29.860415196Z" level=info msg="CreateContainer within sandbox \"0bdc734915829011930125de2ac6730b1d3dfb72355e63c49c58d9765b40b6fa\" for &ContainerMetadata{Name:kube-scheduler,Attempt:0,} returns container id \"930f6332dd5301f75ffc41375f5654bb8a8a8c2eed9b89b740a602afb6218f50\""
Oct 01 19:51:29 roomfit-control-plane containerd[105]: time="2026-10-01T19:51:29.861961916Z" level=info msg="StartContainer for \"930f6332dd5301f75ffc41375f5654bb8a8a8c2eed9b89b740a602afb6218f50\""
Oct 01 19:51:29 roomfit-control-plane containerd[105]: time="2026-10-01T19:51:29.863443078Z" level=info msg="connecting to shim 930f6332dd5301f75ffc41375f5654bb8a8a8c2eed9b89b740a602afb6218f50" address="unix:///run/containerd/s/0128c7b1108955d85ab1751ecb58364265116421610b03224e48e016fbde070a" protocol=ttrpc version=3
Oct 01 19:51:30 roomfit-control-plane containerd[105]: time="2026-10-01T19:51:30.079349860Z" level=info msg="StartContainer for \"930f6332dd5301f75ffc41375f5654bb8a8a8c2eed9b89b740a602afb6218f50\" returns successfully"
Oct 01 19:51:30 roomfit-control-plane containerd[105]: time="2026-10-01T19:51:30.159085577Z" level=info msg="Container 82de09721d53a7b13612eeaaaeeb1de4f3935a9d5b33d6eebcc4d66732416840: CDI devices from CRI Config.CDIDevices: []"
Oct 01 19:51:30 roomfit-control-plane containerd[105]: time="2026-10-01T19:51:30.183920770Z" level=info msg="Container d18562a45bd10e71072fddaf44286e0ce158c7d0de6c0a33e39047f2a7e72bb3: CDI devices from CRI Config.CDIDevices: []"
Oct 01 19:51:30 roomfit-control-plane containerd[105]: time="2026-10-01T19:51:30.215038581Z" level=info msg="CreateContainer within sandbox \"8c9ca0ca96a288334d2abd971d7ceacfd222ecd941dbf1be5ed01f38acfa85ff\" for &ContainerMetadata{Name:kube-controller-manager,Attempt:0,} returns container id \"82de09721d53a7b13612eeaaaeeb1de4f3935a9d5b33d6eebcc4d66732416840\""
Oct 01 19:51:30 roomfit-control-plane containerd[105]: time="2026-10-01T19:51:30.215869003Z" level=info msg="StartContainer for \"82de09721d53a7b13612eeaaaeeb1de4f3935a9d5b33d6eebcc4d66732416840\""
Oct 01 19:51:30 roomfit-control-plane containerd[105]: time="2026-10-01T19:51:30.218431568Z" level=info msg="connecting to shim 82de09721d53a7b13612eeaaaeeb1de4f3935a9d5b33d6eebcc4d66732416840" address="unix:///run/containerd/s/63769ea755ac178da35f080866454fdb2126fb97bce0e31c58b44dda581da991" protocol=ttrpc version=3
Oct 01 19:51:30 roomfit-control-plane containerd[105]: time="2026-10-01T19:51:30.249533645Z" level=info msg="CreateContainer within sandbox \"563b37c75e8176f43011b3cbe2992392bc0514c4748ab904471b74c7d920a114\" for &ContainerMetadata{Name:kube-apiserver,Attempt:0,} returns container id \"d18562a45bd10e71072fddaf44286e0ce158c7d0de6c0a33e39047f2a7e72bb3\""
Oct 01 19:51:30 roomfit-control-plane containerd[105]: time="2026-10-01T19:51:30.250366756Z" level=info msg="StartContainer for \"d18562a45bd10e71072fddaf44286e0ce158c7d0de6c0a33e39047f2a7e72bb3\""
Oct 01 19:51:30 roomfit-control-plane containerd[105]: time="2026-10-01T19:51:30.279700287Z" level=info msg="connecting to shim d18562a45bd10e71072fddaf44286e0ce158c7d0de6c0a33e39047f2a7e72bb3" address="unix:///run/containerd/s/2d8c5e356e2e8a0c54f13ede56295ea97466e7c570c4b469739751186959fde4" protocol=ttrpc version=3
Oct 01 19:51:30 roomfit-control-plane containerd[105]: time="2026-10-01T19:51:30.458156309Z" level=info msg="StartContainer for \"d18562a45bd10e71072fddaf44286e0ce158c7d0de6c0a33e39047f2a7e72bb3\" returns successfully"
Oct 01 19:51:30 roomfit-control-plane containerd[105]: time="2026-10-01T19:51:30.458321287Z" level=info msg="StartContainer for \"82de09721d53a7b13612eeaaaeeb1de4f3935a9d5b33d6eebcc4d66732416840\" returns successfully"
Oct 01 19:51:31 roomfit-control-plane containerd[105]: time="2026-10-01T19:51:31.062841428Z" level=info msg="Container a71fc56a4de21e5710e546d7f9ae64567d3323c2f539f7ef5459fafd471bd99d: CDI devices from CRI Config.CDIDevices: []"
Oct 01 19:51:31 roomfit-control-plane containerd[105]: time="2026-10-01T19:51:31.090804561Z" level=info msg="CreateContainer within sandbox \"f26f45b9a6ea36db78d8a05592507bbf768a2e779436a271a4e6b20d804b624e\" for &ContainerMetadata{Name:etcd,Attempt:0,} returns container id \"a71fc56a4de21e5710e546d7f9ae64567d3323c2f539f7ef5459fafd471bd99d\""
Oct 01 19:51:31 roomfit-control-plane containerd[105]: time="2026-10-01T19:51:31.091784261Z" level=info msg="StartContainer for \"a71fc56a4de21e5710e546d7f9ae64567d3323c2f539f7ef5459fafd471bd99d\""
Oct 01 19:51:31 roomfit-control-plane containerd[105]: time="2026-10-01T19:51:31.093752508Z" level=info msg="connecting to shim a71fc56a4de21e5710e546d7f9ae64567d3323c2f539f7ef5459fafd471bd99d" address="unix:///run/containerd/s/7c87e26d66b0b5dc6902c937b7c37f5d2f0cb42843783adb93356cd648eb41d1" protocol=ttrpc version=3
Oct 01 19:51:33 roomfit-control-plane containerd[105]: time="2026-10-01T19:51:33.133763425Z" level=error msg="get state for a71fc56a4de21e5710e546d7f9ae64567d3323c2f539f7ef5459fafd471bd99d" error="context deadline exceeded"
Oct 01 19:51:33 roomfit-control-plane containerd[105]: time="2026-10-01T19:51:33.133826375Z" level=warning msg="unknown status" status=0
Oct 01 19:51:35 roomfit-control-plane containerd[105]: time="2026-10-01T19:51:35.222549898Z" level=error msg="get state for a71fc56a4de21e5710e546d7f9ae64567d3323c2f539f7ef5459fafd471bd99d" error="context deadline exceeded"
Oct 01 19:51:35 roomfit-control-plane containerd[105]: time="2026-10-01T19:51:35.222617919Z" level=warning msg="unknown status" status=0
Oct 01 19:51:35 roomfit-control-plane containerd[105]: time="2026-10-01T19:51:35.841560455Z" level=error msg="ttrpc: received message on inactive stream" stream=3
Oct 01 19:51:35 roomfit-control-plane containerd[105]: time="2026-10-01T19:51:35.841696046Z" level=error msg="ttrpc: received message on inactive stream" stream=5
Oct 01 19:51:51 roomfit-control-plane containerd[105]: time="2026-10-01T19:51:51.369655767Z" level=info msg="received exit event container_id:\"d18562a45bd10e71072fddaf44286e0ce158c7d0de6c0a33e39047f2a7e72bb3\" id:\"d18562a45bd10e71072fddaf44286e0ce158c7d0de6c0a33e39047f2a7e72bb3\" pid:586 exit_status:255 exited_at:{seconds:1790884311 nanos:368001665}"
Oct 01 19:51:51 roomfit-control-plane containerd[105]: time="2026-10-01T19:51:51.369879947Z" level=info msg="TaskExit event in podsandbox handler container_id:\"d18562a45bd10e71072fddaf44286e0ce158c7d0de6c0a33e39047f2a7e72bb3\" id:\"d18562a45bd10e71072fddaf44286e0ce158c7d0de6c0a33e39047f2a7e72bb3\" pid:586 exit_status:255 exited_at:{seconds:1790884311 nanos:368001665}"
Oct 01 19:51:52 roomfit-control-plane containerd[105]: time="2026-10-01T19:51:52.385223103Z" level=info msg="StartContainer for \"a71fc56a4de21e5710e546d7f9ae64567d3323c2f539f7ef5459fafd471bd99d\" returns successfully"
Oct 01 19:52:01 roomfit-control-plane containerd[105]: time="2026-10-01T19:52:01.370502683Z" level=error msg="failed to handle container TaskExit event container_id:\"d18562a45bd10e71072fddaf44286e0ce158c7d0de6c0a33e39047f2a7e72bb3\" id:\"d18562a45bd10e71072fddaf44286e0ce158c7d0de6c0a33e39047f2a7e72bb3\" pid:586 exit_status:255 exited_at:{seconds:1790884311 nanos:368001665}" error="failed to stop container: failed to delete task: context deadline exceeded"
Oct 01 19:52:03 roomfit-control-plane containerd[105]: time="2026-10-01T19:52:03.172087565Z" level=info msg="TaskExit event container_id:\"d18562a45bd10e71072fddaf44286e0ce158c7d0de6c0a33e39047f2a7e72bb3\" id:\"d18562a45bd10e71072fddaf44286e0ce158c7d0de6c0a33e39047f2a7e72bb3\" pid:586 exit_status:255 exited_at:{seconds:1790884311 nanos:368001665}"
Oct 01 19:52:05 roomfit-control-plane containerd[105]: time="2026-10-01T19:52:05.182549822Z" level=error msg="get state for d18562a45bd10e71072fddaf44286e0ce158c7d0de6c0a33e39047f2a7e72bb3" error="context deadline exceeded"
Oct 01 19:52:05 roomfit-control-plane containerd[105]: time="2026-10-01T19:52:05.182589899Z" level=warning msg="unknown status" status=0
Oct 01 19:52:07 roomfit-control-plane containerd[105]: time="2026-10-01T19:52:07.183710760Z" level=error msg="get state for d18562a45bd10e71072fddaf44286e0ce158c7d0de6c0a33e39047f2a7e72bb3" error="context deadline exceeded"
Oct 01 19:52:07 roomfit-control-plane containerd[105]: time="2026-10-01T19:52:07.183754993Z" level=warning msg="unknown status" status=0
Oct 01 19:52:09 roomfit-control-plane containerd[105]: time="2026-10-01T19:52:09.184962359Z" level=error msg="get state for d18562a45bd10e71072fddaf44286e0ce158c7d0de6c0a33e39047f2a7e72bb3" error="context deadline exceeded"
Oct 01 19:52:09 roomfit-control-plane containerd[105]: time="2026-10-01T19:52:09.185003688Z" level=warning msg="unknown status" status=0
Oct 01 19:52:13 roomfit-control-plane containerd[105]: time="2026-10-01T19:52:13.182425595Z" level=error msg="Failed to handle backOff event container_id:\"d18562a45bd10e71072fddaf44286e0ce158c7d0de6c0a33e39047f2a7e72bb3\" id:\"d18562a45bd10e71072fddaf44286e0ce158c7d0de6c0a33e39047f2a7e72bb3\" pid:586 exit_status:255 exited_at:{seconds:1790884311 nanos:368001665} for d18562a45bd10e71072fddaf44286e0ce158c7d0de6c0a33e39047f2a7e72bb3" error="failed to handle container TaskExit event: failed to stop container: failed to delete task: context deadline exceeded"
Oct 01 19:52:16 roomfit-control-plane containerd[105]: time="2026-10-01T19:52:16.180976342Z" level=info msg="TaskExit event container_id:\"d18562a45bd10e71072fddaf44286e0ce158c7d0de6c0a33e39047f2a7e72bb3\" id:\"d18562a45bd10e71072fddaf44286e0ce158c7d0de6c0a33e39047f2a7e72bb3\" pid:586 exit_status:255 exited_at:{seconds:1790884311 nanos:368001665}"
Oct 01 19:52:18 roomfit-control-plane containerd[105]: time="2026-10-01T19:52:18.181780530Z" level=error msg="get state for d18562a45bd10e71072fddaf44286e0ce158c7d0de6c0a33e39047f2a7e72bb3" error="context deadline exceeded"
Oct 01 19:52:18 roomfit-control-plane containerd[105]: time="2026-10-01T19:52:18.181821289Z" level=warning msg="unknown status" status=0
Oct 01 19:52:20 roomfit-control-plane containerd[105]: time="2026-10-01T19:52:20.182542977Z" level=error msg="get state for d18562a45bd10e71072fddaf44286e0ce158c7d0de6c0a33e39047f2a7e72bb3" error="context deadline exceeded"
Oct 01 19:52:20 roomfit-control-plane containerd[105]: time="2026-10-01T19:52:20.182580334Z" level=warning msg="unknown status" status=0
Oct 01 19:52:22 roomfit-control-plane containerd[105]: time="2026-10-01T19:52:22.183482286Z" level=error msg="get state for d18562a45bd10e71072fddaf44286e0ce158c7d0de6c0a33e39047f2a7e72bb3" error="context deadline exceeded"
Oct 01 19:52:22 roomfit-control-plane containerd[105]: time="2026-10-01T19:52:22.183525179Z" level=warning msg="unknown status" status=0
Oct 01 19:52:26 roomfit-control-plane containerd[105]: time="2026-10-01T19:52:26.181617058Z" level=error msg="Failed to handle backOff event container_id:\"d18562a45bd10e71072fddaf44286e0ce158c7d0de6c0a33e39047f2a7e72bb3\" id:\"d18562a45bd10e71072fddaf44286e0ce158c7d0de6c0a33e39047f2a7e72bb3\" pid:586 exit_status:255 exited_at:{seconds:1790884311 nanos:368001665} for d18562a45bd10e71072fddaf44286e0ce158c7d0de6c0a33e39047f2a7e72bb3" error="failed to handle container TaskExit event: failed to stop container: failed to delete task: context deadline exceeded"
Oct 01 19:52:31 roomfit-control-plane containerd[105]: time="2026-10-01T19:52:31.181398500Z" level=info msg="TaskExit event container_id:\"d18562a45bd10e71072fddaf44286e0ce158c7d0de6c0a33e39047f2a7e72bb3\" id:\"d18562a45bd10e71072fddaf44286e0ce158c7d0de6c0a33e39047f2a7e72bb3\" pid:586 exit_status:255 exited_at:{seconds:1790884311 nanos:368001665}"
Oct 01 19:52:33 roomfit-control-plane containerd[105]: time="2026-10-01T19:52:33.181640206Z" level=error msg="get state for d18562a45bd10e71072fddaf44286e0ce158c7d0de6c0a33e39047f2a7e72bb3" error="context deadline exceeded"
Oct 01 19:52:33 roomfit-control-plane containerd[105]: time="2026-10-01T19:52:33.181686277Z" level=warning msg="unknown status" status=0
Oct 01 19:52:35 roomfit-control-plane containerd[105]: time="2026-10-01T19:52:35.182045796Z" level=error msg="get state for d18562a45bd10e71072fddaf44286e0ce158c7d0de6c0a33e39047f2a7e72bb3" error="context deadline exceeded"
Oct 01 19:52:35 roomfit-control-plane containerd[105]: time="2026-10-01T19:52:35.182086350Z" level=warning msg="unknown status" status=0
Oct 01 19:52:35 roomfit-control-plane containerd[105]: time="2026-10-01T19:52:35.323538585Z" level=error msg="ttrpc: received message on inactive stream" stream=33
Oct 01 19:52:35 roomfit-control-plane containerd[105]: time="2026-10-01T19:52:35.323892384Z" level=error msg="ttrpc: received message on inactive stream" stream=35
Oct 01 19:52:35 roomfit-control-plane containerd[105]: time="2026-10-01T19:52:35.323901281Z" level=error msg="ttrpc: received message on inactive stream" stream=37
Oct 01 19:52:35 roomfit-control-plane containerd[105]: time="2026-10-01T19:52:35.323925665Z" level=error msg="ttrpc: received message on inactive stream" stream=41
Oct 01 19:52:35 roomfit-control-plane containerd[105]: time="2026-10-01T19:52:35.323929700Z" level=error msg="ttrpc: received message on inactive stream" stream=43
Oct 01 19:52:35 roomfit-control-plane containerd[105]: time="2026-10-01T19:52:35.323934877Z" level=error msg="ttrpc: received message on inactive stream" stream=45
Oct 01 19:52:35 roomfit-control-plane containerd[105]: time="2026-10-01T19:52:35.323937774Z" level=error msg="ttrpc: received message on inactive stream" stream=49
Oct 01 19:52:35 roomfit-control-plane containerd[105]: time="2026-10-01T19:52:35.323940647Z" level=error msg="ttrpc: received message on inactive stream" stream=51
Oct 01 19:52:35 roomfit-control-plane containerd[105]: time="2026-10-01T19:52:35.324214834Z" level=error msg="ttrpc: received message on inactive stream" stream=39
Oct 01 19:52:35 roomfit-control-plane containerd[105]: time="2026-10-01T19:52:35.324834275Z" level=info msg="Ensure that container d18562a45bd10e71072fddaf44286e0ce158c7d0de6c0a33e39047f2a7e72bb3 in task-service has been cleanup successfully"
Oct 01 19:52:35 roomfit-control-plane containerd[105]: time="2026-10-01T19:52:35.706131697Z" level=info msg="CreateContainer within sandbox \"563b37c75e8176f43011b3cbe2992392bc0514c4748ab904471b74c7d920a114\" for container &ContainerMetadata{Name:kube-apiserver,Attempt:1,}"
Oct 01 19:52:36 roomfit-control-plane containerd[105]: time="2026-10-01T19:52:36.025225439Z" level=info msg="Container f7b12c71b88b5f8065675a11ecce24b1080d14897654e2c8b50dd5fbded59d5c: CDI devices from CRI Config.CDIDevices: []"
Oct 01 19:52:36 roomfit-control-plane containerd[105]: time="2026-10-01T19:52:36.083951603Z" level=info msg="CreateContainer within sandbox \"563b37c75e8176f43011b3cbe2992392bc0514c4748ab904471b74c7d920a114\" for &ContainerMetadata{Name:kube-apiserver,Attempt:1,} returns container id \"f7b12c71b88b5f8065675a11ecce24b1080d14897654e2c8b50dd5fbded59d5c\""
Oct 01 19:52:36 roomfit-control-plane containerd[105]: time="2026-10-01T19:52:36.084623750Z" level=info msg="StartContainer for \"f7b12c71b88b5f8065675a11ecce24b1080d14897654e2c8b50dd5fbded59d5c\""
Oct 01 19:52:36 roomfit-control-plane containerd[105]: time="2026-10-01T19:52:36.086061714Z" level=info msg="connecting to shim f7b12c71b88b5f8065675a11ecce24b1080d14897654e2c8b50dd5fbded59d5c" address="unix:///run/containerd/s/2d8c5e356e2e8a0c54f13ede56295ea97466e7c570c4b469739751186959fde4" protocol=ttrpc version=3
Oct 01 19:52:37 roomfit-control-plane containerd[105]: time="2026-10-01T19:52:37.738508111Z" level=info msg="StartContainer for \"f7b12c71b88b5f8065675a11ecce24b1080d14897654e2c8b50dd5fbded59d5c\" returns successfully"
Oct 01 19:53:11 roomfit-control-plane containerd[105]: time="2026-10-01T19:53:11.752545201Z" level=info msg="No images store for sha256:28c789b91196f0b2e1393575e787afefbb3cfc86e02f7662c16ed7962887ae1b"
Oct 01 19:53:11 roomfit-control-plane containerd[105]: time="2026-10-01T19:53:11.765114614Z" level=info msg="ImageCreate event name:\"docker.io/library/roomfit-api:v1\""
Oct 01 19:53:11 roomfit-control-plane containerd[105]: time="2026-10-01T19:53:11.815293242Z" level=info msg="ImageCreate event name:\"sha256:822a797d0a4f1c548302a6e079fd750e77b2e882972b65ef21e7131c2672cec7\" labels:{key:\"io.cri-containerd.image\" value:\"managed\"}"
Oct 01 19:53:11 roomfit-control-plane containerd[105]: time="2026-10-01T19:53:11.816077702Z" level=info msg="ImageUpdate event name:\"docker.io/library/roomfit-api:v1\" labels:{key:\"io.cri-containerd.image\" value:\"managed\"}"
